解析到测试场景: 云服务
场景类型数量: 1
  场景类型: 正常场景
  内容数量: 1
    内容1: 页面查询验证筛选在，字段：账单月、供应商、费用归口部门名称、费用承担部门名称、金额

解析到测试场景: 云服务
场景类型数量: 1
  场景类型: 正常场景
  内容数量: 1
    内容1: excel文件导入功能验证,限制不可大于300MB的excel文件，验证点：正常导入，大于300MB、0MB空文件、非xlsx文件、预览文件、下载文件、（页面）删除文件

解析到测试场景: 云服务
场景类型数量: 1
  场景类型: 正常场景
  内容数量: 1
    内容1: xlsx内容校：文件内 有两条一样的数据会覆盖，文件内有一条（当前系统）已存在的数据会直接覆盖，字段内容校验（费用归口部门不存在、费用承担部门不存在、币种不存在、金额为0、金额为负、小数点后3位 、产品名称不填、产品名称超长、地域不存在、)地域为空

解析到测试场景: 云服务
场景类型数量: 1
  场景类型: 正常场景
  内容数量: 1
    内容1: xlsx导入后页面数据自动刷新

解析到测试场景: 云服务
场景类型数量: 1
  场景类型: 正常场景
  内容数量: 1
    内容1: 成本中心明细，筛选字段：账单月，供应商，费用归口部门，费用承担部门

